main.c:95:5:main	8	static
main.c:150:9:unpack_data	96	static
main.c:154:6:send_data	24	static
main.c:172:6:send_minus	24	static
main.c:177:6:send_dot	24	static
main.c:182:6:send_number	56	static
main.c:193:6:set_to_empty	32	static
main.c:199:6:set_number	16	static
main.c:273:6:reset_number	8	static
main.c:284:6:set_screen	16	static
main.c:313:6:set_long_number	48	static
main.c:344:6:reset_all	16	static
main.c:351:6:set_minus	16	static
main.c:357:6:set_float_number	32	static
main.c:372:9:get_float_part	16	static
main.c:377:6:set_dot	8	static
main.c:385:6:SystemClock_Config	88	static
main.c:425:13:MX_USART2_UART_Init	8	static
main.c:458:13:MX_GPIO_Init	48	static
main.c:525:6:HAL_UART_RxCpltCallback	16	static
main.c:536:6:HAL_UART_TxCpltCallback	16	static
main.c:548:6:Error_Handler	4	static,ignoring_inline_asm
